// Vitest Snapshot v1, https://vitest.dev/guide/snapshot.html

exports[`should match the snapshot 1`] = `
<DocumentFragment>
  <form>
    <label
      for="todoInput"
    >
      Todo
    </label>
    <input
      id="todoInput"
      name="todo"
      placeholder="New Todo"
      type="text"
      value=""
    />
    <button>
      Add Todo
    </button>
  </form>
</DocumentFragment>
`;
